2026-01-04 14:24:45,245 DEBUG cd client-bench && uv venv env --seed --python /opt/homebrew/bin/python3.10
2026-01-04 14:24:46,401 LOG Getting frappe
2026-01-04 14:24:46,402 DEBUG cd client-bench/apps && git clone https://github.com/frappe/frappe.git --branch version-14 --depth 1 --origin upstream
2026-01-04 14:24:55,577 LOG Installing frappe
2026-01-04 14:24:55,579 DEBUG cd /Users/kushagraverma/frappe/client-bench && uv pip install --quiet --upgrade -e /Users/kushagraverma/frappe/client-bench/apps/frappe  --python /Users/kushagraverma/frappe/client-bench/env/bin/python
2026-01-04 14:25:33,281 DEBUG cd /Users/kushagraverma/frappe/client-bench/apps/frappe && yarn install --check-files
2026-01-04 14:25:48,217 DEBUG cd client-bench && bench build
2026-01-04 14:25:48,421 INFO /Users/kushagraverma/.local/bin/bench build
2026-01-04 14:26:03,454 LOG setting up backups
2026-01-04 14:26:06,323 LOG backups were set up
2026-01-04 14:26:06,323 INFO Bench client-bench initialized
2026-01-04 14:26:41,064 INFO /Users/kushagraverma/.local/bin/bench start
2026-01-04 14:26:42,077 INFO /Users/kushagraverma/.local/bin/bench schedule
2026-01-04 14:26:42,081 INFO /Users/kushagraverma/.local/bin/bench serve --port 8000
2026-01-04 14:26:42,081 INFO /Users/kushagraverma/.local/bin/bench watch
2026-01-04 14:26:42,083 INFO /Users/kushagraverma/.local/bin/bench worker
2026-01-04 14:57:24,126 INFO /Users/kushagraverma/.local/bin/bench --site local.client.test install-app finbyzerp
2026-01-04 15:00:02,655 INFO /Users/kushagraverma/.local/bin/bench new-site local.client.test
2026-01-04 15:02:00,440 INFO /Users/kushagraverma/.local/bin/bench new-site local.client.test
2026-01-04 15:02:44,192 INFO /Users/kushagraverma/.local/bin/bench --site local.client.test install-app erpnext
2026-01-04 15:05:13,475 INFO /Users/kushagraverma/.local/bin/bench --site local.client.test install-app erpnext
2026-01-04 15:05:52,600 INFO /Users/kushagraverma/.local/bin/bench drop-site local.client.test
2026-01-04 15:06:21,713 INFO /Users/kushagraverma/.local/bin/bench drop-site local.client.test --force
2026-01-04 15:08:31,388 INFO /Users/kushagraverma/.local/bin/bench drop-site local.client.test --force
2026-01-04 15:14:43,252 INFO /Users/kushagraverma/.local/bin/bench new-site local.client.test
2026-01-04 15:16:10,519 INFO /Users/kushagraverma/.local/bin/bench --site local.client.test install-app erpnext
2026-01-04 15:16:55,924 INFO /Users/kushagraverma/.local/bin/bench get-app erpnext --branch version-14
2026-01-04 15:16:57,619 LOG Getting erpnext
2026-01-04 15:16:57,620 DEBUG cd ./apps && git clone https://github.com/frappe/erpnext.git --branch version-14 --depth 1 --origin upstream
2026-01-04 15:17:45,993 LOG Installing erpnext
2026-01-04 15:17:45,993 DEBUG cd /Users/kushagraverma/frappe/client-bench && uv pip install --quiet --upgrade -e /Users/kushagraverma/frappe/client-bench/apps/erpnext  --python /Users/kushagraverma/frappe/client-bench/env/bin/python
2026-01-04 15:19:11,302 DEBUG cd /Users/kushagraverma/frappe/client-bench/apps/erpnext && yarn install --check-files
2026-01-04 15:19:11,995 DEBUG bench build --app erpnext
2026-01-04 15:19:12,195 INFO /Users/kushagraverma/.local/bin/bench build --app erpnext
2026-01-04 15:30:34,959 INFO /Users/kushagraverma/.local/bin/bench --site local.client.test install-app erpnext
2026-01-04 15:32:10,512 INFO /Users/kushagraverma/.local/bin/bench start
2026-01-04 15:32:11,152 INFO /Users/kushagraverma/.local/bin/bench serve --port 8000
2026-01-04 15:32:11,155 INFO /Users/kushagraverma/.local/bin/bench worker
2026-01-04 15:32:11,157 INFO /Users/kushagraverma/.local/bin/bench schedule
2026-01-04 15:32:11,161 INFO /Users/kushagraverma/.local/bin/bench watch
2026-01-04 15:36:10,098 INFO /Users/kushagraverma/.local/bin/bench start
2026-01-04 15:36:10,604 INFO /Users/kushagraverma/.local/bin/bench schedule
2026-01-04 15:36:10,606 INFO /Users/kushagraverma/.local/bin/bench serve --port 8000
2026-01-04 15:36:10,619 INFO /Users/kushagraverma/.local/bin/bench watch
2026-01-04 15:36:10,619 INFO /Users/kushagraverma/.local/bin/bench worker
2026-01-04 15:44:28,245 INFO /Users/kushagraverma/.local/bin/bench get-app exim
2026-01-04 15:44:29,130 WARNING /Users/kushagraverma/.local/bin/bench get-app exim executed with exit code 1
2026-01-04 17:42:12,915 INFO /Users/kushagraverma/.local/bin/bench --site local.client.test install-app finbyzerp
2026-01-04 17:46:17,109 INFO /Users/kushagraverma/.local/bin/bench --site local.client.test install-app finbyzerp
2026-01-04 17:47:54,671 INFO /Users/kushagraverma/.local/bin/bench setup requirements
2026-01-04 17:47:54,678 DEBUG uv pip install --quiet --upgrade pip --python /Users/kushagraverma/frappe/client-bench/env/bin/python
2026-01-04 17:47:55,189 LOG Installing frappe
2026-01-04 17:47:55,190 DEBUG cd /Users/kushagraverma/frappe/client-bench && uv pip install --quiet --upgrade -e /Users/kushagraverma/frappe/client-bench/apps/frappe  --python /Users/kushagraverma/frappe/client-bench/env/bin/python
2026-01-04 17:47:57,524 DEBUG cd /Users/kushagraverma/frappe/client-bench/apps/frappe && yarn install --check-files
2026-01-04 17:48:08,357 LOG Installing erpnext
2026-01-04 17:48:08,358 DEBUG cd /Users/kushagraverma/frappe/client-bench && uv pip install --quiet --upgrade -e /Users/kushagraverma/frappe/client-bench/apps/erpnext  --python /Users/kushagraverma/frappe/client-bench/env/bin/python
2026-01-04 17:48:09,331 DEBUG cd /Users/kushagraverma/frappe/client-bench/apps/erpnext && yarn install --check-files
2026-01-04 17:48:09,572 WARNING /Users/kushagraverma/.local/bin/bench setup requirements executed with exit code 1
2026-01-04 17:49:28,237 INFO /Users/kushagraverma/.local/bin/bench setup requirements
2026-01-04 17:49:28,243 DEBUG uv pip install --quiet --upgrade pip --python /Users/kushagraverma/frappe/client-bench/env/bin/python
2026-01-04 17:49:28,625 LOG Installing frappe
2026-01-04 17:49:28,626 DEBUG cd /Users/kushagraverma/frappe/client-bench && uv pip install --quiet --upgrade -e /Users/kushagraverma/frappe/client-bench/apps/frappe  --python /Users/kushagraverma/frappe/client-bench/env/bin/python
2026-01-04 17:49:30,651 DEBUG cd /Users/kushagraverma/frappe/client-bench/apps/frappe && yarn install --check-files
2026-01-04 17:49:35,718 LOG Installing erpnext
2026-01-04 17:49:35,719 DEBUG cd /Users/kushagraverma/frappe/client-bench && uv pip install --quiet --upgrade -e /Users/kushagraverma/frappe/client-bench/apps/erpnext  --python /Users/kushagraverma/frappe/client-bench/env/bin/python
2026-01-04 17:49:36,766 DEBUG cd /Users/kushagraverma/frappe/client-bench/apps/erpnext && yarn install --check-files
2026-01-04 17:49:36,995 LOG Installing finbyzerp
2026-01-04 17:49:36,995 DEBUG cd /Users/kushagraverma/frappe/client-bench && uv pip install --quiet --upgrade -e /Users/kushagraverma/frappe/client-bench/apps/finbyzerp  --python /Users/kushagraverma/frappe/client-bench/env/bin/python
2026-01-04 17:49:38,225 WARNING cd /Users/kushagraverma/frappe/client-bench && uv pip install --quiet --upgrade -e /Users/kushagraverma/frappe/client-bench/apps/finbyzerp  --python /Users/kushagraverma/frappe/client-bench/env/bin/python executed with exit code 1
2026-01-04 17:49:38,226 WARNING /Users/kushagraverma/.local/bin/bench setup requirements executed with exit code 167
2026-01-04 17:50:14,192 INFO /Users/kushagraverma/.local/bin/bench config set-common-config -c use_uv false
2026-01-04 17:50:35,259 INFO /Users/kushagraverma/.local/bin/bench setup requirements
2026-01-04 17:50:35,264 DEBUG uv pip install --quiet --upgrade pip --python /Users/kushagraverma/frappe/client-bench/env/bin/python
2026-01-04 17:50:35,644 LOG Installing frappe
2026-01-04 17:50:35,646 DEBUG cd /Users/kushagraverma/frappe/client-bench && uv pip install --quiet --upgrade -e /Users/kushagraverma/frappe/client-bench/apps/frappe  --python /Users/kushagraverma/frappe/client-bench/env/bin/python
2026-01-04 17:50:37,793 DEBUG cd /Users/kushagraverma/frappe/client-bench/apps/frappe && yarn install --check-files
2026-01-04 17:50:44,664 LOG Installing erpnext
2026-01-04 17:50:44,664 DEBUG cd /Users/kushagraverma/frappe/client-bench && uv pip install --quiet --upgrade -e /Users/kushagraverma/frappe/client-bench/apps/erpnext  --python /Users/kushagraverma/frappe/client-bench/env/bin/python
2026-01-04 17:50:45,693 DEBUG cd /Users/kushagraverma/frappe/client-bench/apps/erpnext && yarn install --check-files
2026-01-04 17:50:45,924 LOG Installing finbyzerp
2026-01-04 17:50:45,925 DEBUG cd /Users/kushagraverma/frappe/client-bench && uv pip install --quiet --upgrade -e /Users/kushagraverma/frappe/client-bench/apps/finbyzerp  --python /Users/kushagraverma/frappe/client-bench/env/bin/python
2026-01-04 17:50:47,216 WARNING cd /Users/kushagraverma/frappe/client-bench && uv pip install --quiet --upgrade -e /Users/kushagraverma/frappe/client-bench/apps/finbyzerp  --python /Users/kushagraverma/frappe/client-bench/env/bin/python executed with exit code 1
2026-01-04 17:50:47,216 WARNING /Users/kushagraverma/.local/bin/bench setup requirements executed with exit code 167
2026-01-04 17:52:14,830 INFO /Users/kushagraverma/.local/bin/bench setup requirements
2026-01-04 17:52:14,836 DEBUG uv pip install --quiet --upgrade pip --python /Users/kushagraverma/frappe/client-bench/env/bin/python
2026-01-04 17:52:15,273 LOG Installing frappe
2026-01-04 17:52:15,275 DEBUG cd /Users/kushagraverma/frappe/client-bench && uv pip install --quiet --upgrade -e /Users/kushagraverma/frappe/client-bench/apps/frappe  --python /Users/kushagraverma/frappe/client-bench/env/bin/python
2026-01-04 17:52:17,369 DEBUG cd /Users/kushagraverma/frappe/client-bench/apps/frappe && yarn install --check-files
2026-01-04 17:52:24,773 LOG Installing erpnext
2026-01-04 17:52:24,774 DEBUG cd /Users/kushagraverma/frappe/client-bench && uv pip install --quiet --upgrade -e /Users/kushagraverma/frappe/client-bench/apps/erpnext  --python /Users/kushagraverma/frappe/client-bench/env/bin/python
2026-01-04 17:52:25,753 DEBUG cd /Users/kushagraverma/frappe/client-bench/apps/erpnext && yarn install --check-files
2026-01-04 17:52:25,982 LOG Installing finbyzerp
2026-01-04 17:52:25,982 DEBUG cd /Users/kushagraverma/frappe/client-bench && uv pip install --quiet --upgrade -e /Users/kushagraverma/frappe/client-bench/apps/finbyzerp  --python /Users/kushagraverma/frappe/client-bench/env/bin/python
2026-01-04 17:52:27,223 WARNING cd /Users/kushagraverma/frappe/client-bench && uv pip install --quiet --upgrade -e /Users/kushagraverma/frappe/client-bench/apps/finbyzerp  --python /Users/kushagraverma/frappe/client-bench/env/bin/python executed with exit code 1
2026-01-04 17:52:27,223 WARNING /Users/kushagraverma/.local/bin/bench setup requirements executed with exit code 167
2026-01-04 17:53:51,305 INFO /Users/kushagraverma/.local/bin/bench --site local.client.test install-app finbyzerp
2026-01-04 17:55:35,296 INFO /Users/kushagraverma/.local/bin/bench get-app india_compliance --branch version-14
2026-01-04 17:55:36,426 WARNING /Users/kushagraverma/.local/bin/bench get-app india_compliance --branch version-14 executed with exit code 1
2026-01-04 17:56:09,640 INFO /Users/kushagraverma/.local/bin/bench get-app https://github.com/frappe/india-compliance.git --branch version-14
2026-01-04 17:56:09,659 LOG Getting india-compliance
2026-01-04 17:56:09,659 DEBUG cd ./apps && git clone https://github.com/frappe/india-compliance.git --branch version-14 --depth 1 --origin upstream
2026-01-04 17:56:10,736 WARNING cd ./apps && git clone https://github.com/frappe/india-compliance.git --branch version-14 --depth 1 --origin upstream executed with exit code 128
2026-01-04 17:56:10,737 WARNING /Users/kushagraverma/.local/bin/bench get-app https://github.com/frappe/india-compliance.git --branch version-14 executed with exit code 1
2026-01-04 18:00:00,888 INFO /Users/kushagraverma/.local/bin/bench --verbose --site all backup
2026-01-04 18:04:30,488 INFO /Users/kushagraverma/.local/bin/bench --site local.client.test install-app india_compliance
2026-01-04 18:05:56,505 INFO /Users/kushagraverma/.local/bin/bench --site local.client.test install-app india_compliance
2026-01-04 18:06:31,565 INFO /Users/kushagraverma/.local/bin/bench add-app india_compliance
2026-01-04 18:06:37,432 INFO /Users/kushagraverma/.local/bin/bench --site local.client.test install-app india_compliance
2026-01-04 18:07:51,788 INFO /Users/kushagraverma/.local/bin/bench --site local.client.test install-app india_compliance
2026-01-04 18:08:30,050 INFO /Users/kushagraverma/.local/bin/bench --site local.client.test install-app india_compliance
2026-01-04 18:09:39,178 INFO /Users/kushagraverma/.local/bin/bench start
2026-01-04 18:09:39,816 INFO /Users/kushagraverma/.local/bin/bench watch
2026-01-04 18:09:39,817 INFO /Users/kushagraverma/.local/bin/bench schedule
2026-01-04 18:09:39,818 INFO /Users/kushagraverma/.local/bin/bench serve --port 8000
2026-01-04 18:09:39,832 INFO /Users/kushagraverma/.local/bin/bench worker
2026-01-04 18:12:12,954 INFO /Users/kushagraverma/.local/bin/bench --site local.client.test list-apps
2026-01-04 18:12:48,952 INFO /Users/kushagraverma/.local/bin/bench list-apps
2026-01-04 18:13:24,985 INFO /Users/kushagraverma/.local/bin/bench --site local.client.test list-apps
2026-01-04 18:13:46,308 INFO /Users/kushagraverma/.local/bin/bench --site local.client.test install-app finbyzerp
2026-01-04 18:13:58,606 INFO /Users/kushagraverma/.local/bin/bench --site local.client.test list-apps
2026-01-04 18:14:25,549 INFO /Users/kushagraverma/.local/bin/bench --site local.client.test install-app exim
2026-01-04 18:29:03,424 INFO /Users/kushagraverma/.local/bin/bench --site local.client.test list-apps
2026-01-04 18:30:42,079 INFO /Users/kushagraverma/.local/bin/bench --site local.client.test install-app exim
2026-01-04 18:31:48,886 INFO /Users/kushagraverma/.local/bin/bench --site local.client.test list-apps
2026-01-04 18:34:34,926 INFO /Users/kushagraverma/.local/bin/bench start
2026-01-04 18:34:35,511 INFO /Users/kushagraverma/.local/bin/bench serve --port 8000
2026-01-04 18:34:35,524 INFO /Users/kushagraverma/.local/bin/bench schedule
2026-01-04 18:34:35,524 INFO /Users/kushagraverma/.local/bin/bench watch
2026-01-04 18:34:35,539 INFO /Users/kushagraverma/.local/bin/bench worker
2026-01-04 18:36:40,149 INFO /Users/kushagraverma/.local/bin/bench build
2026-01-04 18:36:55,088 INFO /Users/kushagraverma/.local/bin/bench clear-cache
2026-01-04 18:36:55,763 INFO /Users/kushagraverma/.local/bin/bench restart
2026-01-04 18:37:24,333 INFO /Users/kushagraverma/.local/bin/bench restart
2026-01-04 18:37:30,710 INFO /Users/kushagraverma/.local/bin/bench start
2026-01-04 18:37:31,302 INFO /Users/kushagraverma/.local/bin/bench worker
2026-01-04 18:37:31,303 INFO /Users/kushagraverma/.local/bin/bench serve --port 8000
2026-01-04 18:37:31,304 INFO /Users/kushagraverma/.local/bin/bench schedule
2026-01-04 18:37:31,304 INFO /Users/kushagraverma/.local/bin/bench watch
2026-01-05 12:52:30,420 INFO /Users/kushagraverma/.local/bin/bench sites
2026-01-05 12:53:56,588 INFO /Users/kushagraverma/.local/bin/bench --site local.client.test list-apps
2026-01-05 12:54:07,939 INFO /Users/kushagraverma/.local/bin/bench --site local.client.test execute frappe.get_all --kwargs {'doctype':'Custom Field','fields':['dt'],'limit':5000}
2026-01-05 12:55:10,441 INFO /Users/kushagraverma/.local/bin/bench --site local.client.test execute frappe.get_all --kwargs {'doctype':'Custom Field','filters':{'dt':'Purchase Invoice'},'fields':['fieldname','label','reqd','allow_on_submit']}
2026-01-05 12:55:26,365 INFO /Users/kushagraverma/.local/bin/bench --site local.client.test execute frappe.get_all --kwargs {'doctype':'Custom Field','filters':{'dt':'Sales Invoice'},'fields':['fieldname','label','reqd','allow_on_submit']}
2026-01-05 12:56:58,983 INFO /Users/kushagraverma/.local/bin/bench --site local.client.test execute frappe.get_all --kwargs {'doctype':'Report','fields':['name','ref_doctype','report_type'],'limit':200}
2026-01-05 12:57:27,000 INFO /Users/kushagraverma/.local/bin/bench --site local.client.test execute frappe.get_all --kwargs {'doctype':'E Invoice Settings','limit':5}
2026-01-05 13:00:32,593 INFO /Users/kushagraverma/.local/bin/bench --site local.client.test execute frappe.get_all --kwargs {'doctype':'E Waybill Settings','limit':5}
2026-01-05 13:00:43,204 INFO /Users/kushagraverma/.local/bin/bench --site local.client.test execute frappe.get_all --kwargs {'doctype':'Warehouse','fields':['name','is_group','company']}
2026-01-06 08:41:11,274 INFO /Users/kushagraverma/.local/bin/bench start
2026-01-06 08:41:12,021 INFO /Users/kushagraverma/.local/bin/bench serve --port 8000
2026-01-06 08:41:12,030 INFO /Users/kushagraverma/.local/bin/bench schedule
2026-01-06 08:41:12,031 INFO /Users/kushagraverma/.local/bin/bench worker
2026-01-06 08:41:12,031 INFO /Users/kushagraverma/.local/bin/bench watch
2026-01-06 08:42:46,365 INFO /Users/kushagraverma/.local/bin/bench stop
2026-01-06 12:00:05,584 INFO /Users/kushagraverma/.local/bin/bench --verbose --site all backup
2026-01-06 18:00:01,372 INFO /Users/kushagraverma/.local/bin/bench --verbose --site all backup
2026-01-07 06:00:00,803 INFO /Users/kushagraverma/.local/bin/bench --verbose --site all backup
2026-01-08 12:00:01,495 INFO /Users/kushagraverma/.local/bin/bench --verbose --site all backup
2026-01-08 18:00:02,086 INFO /Users/kushagraverma/.local/bin/bench --verbose --site all backup
2026-01-10 00:00:01,978 INFO /Users/kushagraverma/.local/bin/bench --verbose --site all backup
2026-01-10 12:00:01,802 INFO /Users/kushagraverma/.local/bin/bench --verbose --site all backup
2026-01-10 18:00:01,522 INFO /Users/kushagraverma/.local/bin/bench --verbose --site all backup
2026-01-11 12:00:01,901 INFO /Users/kushagraverma/.local/bin/bench --verbose --site all backup
2026-01-11 18:00:01,272 INFO /Users/kushagraverma/.local/bin/bench --verbose --site all backup
2026-01-12 12:00:01,266 INFO /Users/kushagraverma/.local/bin/bench --verbose --site all backup
2026-01-13 00:00:01,467 INFO /Users/kushagraverma/.local/bin/bench --verbose --site all backup
2026-01-13 06:00:01,277 INFO /Users/kushagraverma/.local/bin/bench --verbose --site all backup
2026-01-13 12:00:00,939 INFO /Users/kushagraverma/.local/bin/bench --verbose --site all backup
2026-01-14 00:00:04,442 INFO /Users/kushagraverma/.local/bin/bench --verbose --site all backup
2026-01-15 12:00:01,359 INFO /Users/kushagraverma/.local/bin/bench --verbose --site all backup
2026-01-16 12:00:01,051 INFO /Users/kushagraverma/.local/bin/bench --verbose --site all backup
2026-01-17 00:00:01,873 INFO /Users/kushagraverma/.local/bin/bench --verbose --site all backup
2026-01-17 12:00:01,786 INFO /Users/kushagraverma/.local/bin/bench --verbose --site all backup
2026-01-17 18:00:01,622 INFO /Users/kushagraverma/.local/bin/bench --verbose --site all backup
2026-01-18 00:00:01,727 INFO /Users/kushagraverma/.local/bin/bench --verbose --site all backup
2026-01-18 06:00:01,155 INFO /Users/kushagraverma/.local/bin/bench --verbose --site all backup
2026-01-18 12:00:00,936 INFO /Users/kushagraverma/.local/bin/bench --verbose --site all backup
2026-01-19 12:05:22,457 INFO /Users/kushagraverma/.local/bin/bench --verbose --site all backup
2026-01-19 18:00:01,267 INFO /Users/kushagraverma/.local/bin/bench --verbose --site all backup
2026-01-21 00:00:01,200 INFO /Users/kushagraverma/.local/bin/bench --verbose --site all backup
2026-01-21 12:00:01,827 INFO /Users/kushagraverma/.local/bin/bench --verbose --site all backup
2026-01-21 18:00:02,581 INFO /Users/kushagraverma/.local/bin/bench --verbose --site all backup
2026-01-22 00:03:44,053 INFO /Users/kushagraverma/.local/bin/bench --verbose --site all backup
2026-01-24 00:00:09,282 INFO /Users/kushagraverma/.local/bin/bench --verbose --site all backup
2026-01-24 12:00:02,221 INFO /Users/kushagraverma/.local/bin/bench --verbose --site all backup
2026-01-26 12:00:02,398 INFO /Users/kushagraverma/.local/bin/bench --verbose --site all backup
2026-01-27 00:00:02,492 INFO /Users/kushagraverma/.local/bin/bench --verbose --site all backup
2026-01-27 12:00:01,666 INFO /Users/kushagraverma/.local/bin/bench --verbose --site all backup
2026-01-28 00:00:01,726 INFO /Users/kushagraverma/.local/bin/bench --verbose --site all backup
2026-01-29 18:53:37,011 INFO /Users/kushagraverma/.local/bin/bench --verbose --site all backup
2026-01-31 06:00:01,169 INFO /Users/kushagraverma/.local/bin/bench --verbose --site all backup
2026-01-31 12:00:00,880 INFO /Users/kushagraverma/.local/bin/bench --verbose --site all backup
2026-02-02 12:03:52,207 INFO /Users/kushagraverma/.local/bin/bench --verbose --site all backup
2026-02-02 18:00:01,502 INFO /Users/kushagraverma/.local/bin/bench --verbose --site all backup
2026-02-03 12:00:01,705 INFO /Users/kushagraverma/.local/bin/bench --verbose --site all backup
2026-02-03 18:00:01,266 INFO /Users/kushagraverma/.local/bin/bench --verbose --site all backup
2026-02-04 00:00:01,956 INFO /Users/kushagraverma/.local/bin/bench --verbose --site all backup
2026-02-04 06:00:01,888 INFO /Users/kushagraverma/.local/bin/bench --verbose --site all backup
2026-02-04 12:00:01,910 INFO /Users/kushagraverma/.local/bin/bench --verbose --site all backup
2026-02-04 18:00:02,008 INFO /Users/kushagraverma/.local/bin/bench --verbose --site all backup
2026-02-05 00:08:02,172 INFO /Users/kushagraverma/.local/bin/bench --verbose --site all backup
2026-02-05 12:00:02,123 INFO /Users/kushagraverma/.local/bin/bench --verbose --site all backup
2026-02-05 18:00:02,572 INFO /Users/kushagraverma/.local/bin/bench --verbose --site all backup
2026-02-06 00:00:03,354 INFO /Users/kushagraverma/.local/bin/bench --verbose --site all backup
2026-02-06 06:00:02,176 INFO /Users/kushagraverma/.local/bin/bench --verbose --site all backup
2026-02-06 12:00:02,913 INFO /Users/kushagraverma/.local/bin/bench --verbose --site all backup
2026-02-07 12:00:03,327 INFO /Users/kushagraverma/.local/bin/bench --verbose --site all backup
2026-02-07 18:00:02,412 INFO /Users/kushagraverma/.local/bin/bench --verbose --site all backup
2026-02-08 00:00:01,609 INFO /Users/kushagraverma/.local/bin/bench --verbose --site all backup
2026-02-08 06:00:01,748 INFO /Users/kushagraverma/.local/bin/bench --verbose --site all backup
2026-02-08 12:00:00,957 INFO /Users/kushagraverma/.local/bin/bench --verbose --site all backup
2026-02-11 18:00:01,346 INFO /Users/kushagraverma/.local/bin/bench --verbose --site all backup
2026-02-12 12:00:02,122 INFO /Users/kushagraverma/.local/bin/bench --verbose --site all backup
2026-02-12 18:00:02,349 INFO /Users/kushagraverma/.local/bin/bench --verbose --site all backup
2026-02-13 00:00:01,635 INFO /Users/kushagraverma/.local/bin/bench --verbose --site all backup
2026-02-13 06:00:01,301 INFO /Users/kushagraverma/.local/bin/bench --verbose --site all backup
2026-02-13 18:00:01,960 INFO /Users/kushagraverma/.local/bin/bench --verbose --site all backup
2026-02-14 00:00:01,630 INFO /Users/kushagraverma/.local/bin/bench --verbose --site all backup
2026-02-14 06:00:00,802 INFO /Users/kushagraverma/.local/bin/bench --verbose --site all backup
2026-02-14 12:00:01,636 INFO /Users/kushagraverma/.local/bin/bench --verbose --site all backup
2026-02-14 18:00:01,971 INFO /Users/kushagraverma/.local/bin/bench --verbose --site all backup
2026-02-15 18:00:01,924 INFO /Users/kushagraverma/.local/bin/bench --verbose --site all backup
2026-02-16 18:00:01,854 INFO /Users/kushagraverma/.local/bin/bench --verbose --site all backup
2026-02-17 12:00:05,748 INFO /Users/kushagraverma/.local/bin/bench --verbose --site all backup
2026-02-17 18:00:01,601 INFO /Users/kushagraverma/.local/bin/bench --verbose --site all backup
2026-02-18 00:00:01,783 INFO /Users/kushagraverma/.local/bin/bench --verbose --site all backup
2026-02-18 06:00:01,140 INFO /Users/kushagraverma/.local/bin/bench --verbose --site all backup
2026-02-18 12:00:01,314 INFO /Users/kushagraverma/.local/bin/bench --verbose --site all backup
2026-02-18 18:00:01,550 INFO /Users/kushagraverma/.local/bin/bench --verbose --site all backup
2026-02-19 00:00:01,314 INFO /Users/kushagraverma/.local/bin/bench --verbose --site all backup
2026-02-19 06:00:02,086 INFO /Users/kushagraverma/.local/bin/bench --verbose --site all backup
2026-02-19 12:02:12,174 INFO /Users/kushagraverma/.local/bin/bench --verbose --site all backup
2026-02-19 18:00:01,630 INFO /Users/kushagraverma/.local/bin/bench --verbose --site all backup
2026-02-20 12:00:01,932 INFO /Users/kushagraverma/.local/bin/bench --verbose --site all backup
2026-02-20 18:00:01,850 INFO /Users/kushagraverma/.local/bin/bench --verbose --site all backup
2026-02-20 18:37:22,280 INFO /Users/kushagraverma/.local/bin/bench start
2026-02-20 18:37:23,066 INFO /Users/kushagraverma/.local/bin/bench watch
2026-02-20 18:37:23,066 INFO /Users/kushagraverma/.local/bin/bench schedule
2026-02-20 18:37:23,074 INFO /Users/kushagraverma/.local/bin/bench serve --port 8000
2026-02-20 18:37:23,083 INFO /Users/kushagraverma/.local/bin/bench worker
2026-02-20 18:37:32,524 INFO /Users/kushagraverma/.local/bin/bench start
2026-02-20 18:37:32,920 INFO /Users/kushagraverma/.local/bin/bench serve --port 8000
2026-02-20 18:37:32,927 INFO /Users/kushagraverma/.local/bin/bench worker
2026-02-20 18:37:32,929 INFO /Users/kushagraverma/.local/bin/bench schedule
2026-02-20 18:37:32,948 INFO /Users/kushagraverma/.local/bin/bench watch
2026-02-20 18:42:27,205 INFO /Users/kushagraverma/.local/bin/bench build
2026-02-20 18:47:44,011 INFO /Users/kushagraverma/.local/bin/bench build
2026-02-20 19:02:46,371 INFO /Users/kushagraverma/.local/bin/bench build
2026-02-20 19:07:34,180 INFO /Users/kushagraverma/.local/bin/bench build
2026-02-20 19:08:06,178 INFO /Users/kushagraverma/.local/bin/bench start
2026-02-20 19:08:07,110 INFO /Users/kushagraverma/.local/bin/bench worker
2026-02-20 19:08:07,110 INFO /Users/kushagraverma/.local/bin/bench schedule
2026-02-20 19:08:07,115 INFO /Users/kushagraverma/.local/bin/bench serve --port 8000
2026-02-20 19:08:07,116 INFO /Users/kushagraverma/.local/bin/bench watch
2026-02-20 19:11:32,984 INFO /Users/kushagraverma/.local/bin/bench --site local.client.test set-admin-password
2026-02-20 19:11:46,449 INFO /Users/kushagraverma/.local/bin/bench --site local.client.test set-admin-password
2026-02-20 19:25:17,403 INFO /Users/kushagraverma/.local/bin/bench build
2026-02-20 19:25:47,487 INFO /Users/kushagraverma/.local/bin/bench clear-cache
2026-02-20 19:26:02,603 INFO /Users/kushagraverma/.local/bin/bench local.client.test clear-cache
2026-02-20 19:26:34,103 INFO /Users/kushagraverma/.local/bin/bench clear-cache --local.client.test
2026-02-20 19:26:49,232 INFO /Users/kushagraverma/.local/bin/bench --local.client.test clear-cache
2026-02-20 19:28:06,319 INFO /Users/kushagraverma/.local/bin/bench --site local.client.test clear-cache
2026-02-20 19:28:24,419 INFO /Users/kushagraverma/.local/bin/bench start
2026-02-20 19:28:25,107 INFO /Users/kushagraverma/.local/bin/bench schedule
2026-02-20 19:28:25,109 INFO /Users/kushagraverma/.local/bin/bench watch
2026-02-20 19:28:25,118 INFO /Users/kushagraverma/.local/bin/bench worker
2026-02-20 19:28:25,118 INFO /Users/kushagraverma/.local/bin/bench serve --port 8000
2026-02-21 00:00:01,516 INFO /Users/kushagraverma/.local/bin/bench --verbose --site all backup
2026-02-21 06:00:01,864 INFO /Users/kushagraverma/.local/bin/bench --verbose --site all backup
2026-02-21 12:00:01,683 INFO /Users/kushagraverma/.local/bin/bench --verbose --site all backup
2026-02-21 18:00:01,701 INFO /Users/kushagraverma/.local/bin/bench --verbose --site all backup
2026-02-23 12:00:01,842 INFO /Users/kushagraverma/.local/bin/bench --verbose --site all backup
2026-02-23 18:00:01,347 INFO /Users/kushagraverma/.local/bin/bench --verbose --site all backup
2026-02-24 18:00:01,159 INFO /Users/kushagraverma/.local/bin/bench --verbose --site all backup
2026-02-25 18:00:01,463 INFO /Users/kushagraverma/.local/bin/bench --verbose --site all backup
2026-02-26 00:00:02,154 INFO /Users/kushagraverma/.local/bin/bench --verbose --site all backup
2026-02-27 00:00:01,801 INFO /Users/kushagraverma/.local/bin/bench --verbose --site all backup
2026-02-27 19:57:31,576 INFO /Users/kushagraverma/.local/bin/bench start
2026-02-27 19:57:35,490 INFO /Users/kushagraverma/.local/bin/bench serve --port 8000
2026-02-27 19:57:35,493 INFO /Users/kushagraverma/.local/bin/bench worker
2026-02-27 19:57:35,494 INFO /Users/kushagraverma/.local/bin/bench schedule
2026-02-27 19:57:35,494 INFO /Users/kushagraverma/.local/bin/bench watch
2026-03-06 10:40:31,493 INFO /Users/kushagraverma/.local/bin/bench new-app purchase_fast_entry
2026-03-06 10:40:31,499 LOG creating new app purchase_fast_entry
2026-03-06 10:41:26,533 LOG Installing purchase_fast_entry
2026-03-06 10:41:26,538 DEBUG cd /Users/kushagraverma/frappe/client-bench && uv pip install --quiet --upgrade -e /Users/kushagraverma/frappe/client-bench/apps/purchase_fast_entry  --python /Users/kushagraverma/frappe/client-bench/env/bin/python
2026-03-06 10:41:28,071 DEBUG bench build --app purchase_fast_entry
2026-03-06 10:41:28,315 INFO /Users/kushagraverma/.local/bin/bench build --app purchase_fast_entry
2026-03-06 10:41:28,659 WARNING bench build --app purchase_fast_entry executed with exit code 1
2026-03-06 10:41:28,660 WARNING /Users/kushagraverma/.local/bin/bench new-app purchase_fast_entry executed with exit code 1
2026-03-06 10:41:28,936 INFO A newer version of bench is available: 5.28.0 → 5.29.1
2026-03-06 10:52:02,983 INFO /Users/kushagraverma/.local/bin/bench build
2026-03-06 10:57:13,936 INFO /Users/kushagraverma/.local/bin/bench build
2026-03-06 10:57:35,733 INFO /Users/kushagraverma/.local/bin/bench start
2026-03-06 10:57:36,590 INFO /Users/kushagraverma/.local/bin/bench watch
2026-03-06 10:57:36,590 INFO /Users/kushagraverma/.local/bin/bench serve --port 8000
2026-03-06 10:57:36,604 INFO /Users/kushagraverma/.local/bin/bench worker
2026-03-06 10:57:36,624 INFO /Users/kushagraverma/.local/bin/bench schedule
2026-03-06 10:59:43,712 INFO /Users/kushagraverma/.local/bin/bench --site local.client.test list-apps
2026-03-06 10:59:53,702 INFO /Users/kushagraverma/.local/bin/bench --site local.client.test uninstall-app exim
2026-03-06 11:01:17,761 INFO /Users/kushagraverma/.local/bin/bench --site local.client.test mariadb
2026-03-06 11:07:32,678 INFO /Users/kushagraverma/.local/bin/bench --site local.client.test migrate
2026-03-06 11:25:30,907 INFO /Users/kushagraverma/.local/bin/bench --site local.client.test mariadb
2026-03-06 12:17:54,226 INFO /Users/kushagraverma/.local/bin/bench build
2026-03-06 12:25:39,836 INFO /Users/kushagraverma/.local/bin/bench setup requirements
2026-03-06 12:25:39,843 DEBUG uv pip install --quiet --upgrade pip --python /Users/kushagraverma/frappe/client-bench/env/bin/python
2026-03-06 12:25:41,064 LOG Installing frappe
2026-03-06 12:25:41,066 DEBUG cd /Users/kushagraverma/frappe/client-bench && uv pip install --quiet --upgrade -e /Users/kushagraverma/frappe/client-bench/apps/frappe  --python /Users/kushagraverma/frappe/client-bench/env/bin/python
2026-03-06 12:25:49,863 DEBUG cd /Users/kushagraverma/frappe/client-bench/apps/frappe && yarn install --check-files
2026-03-06 12:26:00,206 WARNING /Users/kushagraverma/.local/bin/bench setup requirements executed with exit code 1
2026-03-06 12:26:00,621 INFO A newer version of bench is available: 5.28.0 → 5.29.1
2026-03-06 12:26:18,711 INFO /Users/kushagraverma/.local/bin/bench build
2026-03-06 12:50:16,812 INFO /Users/kushagraverma/.local/bin/bench setup requirements
2026-03-06 12:50:16,820 DEBUG uv pip install --quiet --upgrade pip --python /Users/kushagraverma/frappe/client-bench/env/bin/python
2026-03-06 12:50:17,236 LOG Installing frappe
2026-03-06 12:50:17,237 DEBUG cd /Users/kushagraverma/frappe/client-bench && uv pip install --quiet --upgrade -e /Users/kushagraverma/frappe/client-bench/apps/frappe  --python /Users/kushagraverma/frappe/client-bench/env/bin/python
2026-03-06 12:50:19,046 DEBUG cd /Users/kushagraverma/frappe/client-bench/apps/frappe && yarn install --check-files
2026-03-06 12:50:23,514 WARNING /Users/kushagraverma/.local/bin/bench setup requirements executed with exit code 1
2026-03-06 12:50:23,710 INFO A newer version of bench is available: 5.28.0 → 5.29.1
2026-03-06 12:52:29,249 INFO /Users/kushagraverma/.local/bin/bench setup requirements
2026-03-06 12:52:29,259 DEBUG uv pip install --quiet --upgrade pip --python /Users/kushagraverma/frappe/client-bench/env/bin/python
2026-03-06 12:52:29,581 LOG Installing frappe
2026-03-06 12:52:29,582 DEBUG cd /Users/kushagraverma/frappe/client-bench && uv pip install --quiet --upgrade -e /Users/kushagraverma/frappe/client-bench/apps/frappe  --python /Users/kushagraverma/frappe/client-bench/env/bin/python
2026-03-06 12:52:31,210 DEBUG cd /Users/kushagraverma/frappe/client-bench/apps/frappe && yarn install --check-files
2026-03-06 12:52:36,981 LOG Installing exim
2026-03-06 12:52:36,982 DEBUG cd /Users/kushagraverma/frappe/client-bench && uv pip install --quiet --upgrade -e /Users/kushagraverma/frappe/client-bench/apps/exim  --python /Users/kushagraverma/frappe/client-bench/env/bin/python
2026-03-06 12:52:39,198 WARNING cd /Users/kushagraverma/frappe/client-bench && uv pip install --quiet --upgrade -e /Users/kushagraverma/frappe/client-bench/apps/exim  --python /Users/kushagraverma/frappe/client-bench/env/bin/python executed with exit code 1
2026-03-06 12:52:39,198 WARNING /Users/kushagraverma/.local/bin/bench setup requirements executed with exit code 167
2026-03-06 12:52:39,367 INFO A newer version of bench is available: 5.28.0 → 5.29.1
2026-03-06 12:52:55,372 INFO /Users/kushagraverma/.local/bin/bench build
2026-03-06 12:56:18,656 INFO /Users/kushagraverma/.local/bin/bench build
2026-03-06 12:56:38,514 INFO /Users/kushagraverma/.local/bin/bench start
2026-03-06 12:56:39,245 INFO /Users/kushagraverma/.local/bin/bench worker
2026-03-06 12:56:39,246 INFO /Users/kushagraverma/.local/bin/bench serve --port 8000
2026-03-06 12:56:39,246 INFO /Users/kushagraverma/.local/bin/bench schedule
2026-03-06 12:56:39,258 INFO /Users/kushagraverma/.local/bin/bench watch
2026-03-06 13:10:01,229 INFO /Users/kushagraverma/.local/bin/bench --site local.client.test add-module purchase_fast_entry
