2026-01-04 18:09:54,733 ERROR frappe Could not take error snapshot: characters_written
Site: local.client.test
Form Dict: {'items': '["assets/erpnext/js/setup_wizard.js","assets/india_compliance/js/setup_wizard.js"]', 'cmd': 'frappe.client.get_js'}
Traceback (most recent call last):
  File "/Users/kushagraverma/frappe/client-bench/apps/frappe/frappe/app.py", line 103, in application
    response = frappe.api.handle()
  File "/Users/kushagraverma/frappe/client-bench/apps/frappe/frappe/api.py", line 55, in handle
    return frappe.handler.handle()
  File "/Users/kushagraverma/frappe/client-bench/apps/frappe/frappe/handler.py", line 50, in handle
    data = execute_cmd(cmd)
  File "/Users/kushagraverma/frappe/client-bench/apps/frappe/frappe/handler.py", line 85, in execute_cmd
    return frappe.call(method, **frappe.form_dict)
  File "/Users/kushagraverma/frappe/client-bench/apps/frappe/frappe/__init__.py", line 1628, in call
    return fn(*args, **newargs)
  File "/Users/kushagraverma/frappe/client-bench/apps/frappe/frappe/client.py", line 351, in get_js
    with open(contentpath) as srcfile:
FileNotFoundError: [Errno 2] No such file or directory: './assets/india_compliance/js/setup_wizard.js'

During handling of the above exception, another exception occurred:

Traceback (most recent call last):
  File "/Users/kushagraverma/frappe/client-bench/apps/frappe/frappe/utils/error.py", line 60, in make_error_snapshot
    snapshot = get_snapshot(exception)
  File "/Users/kushagraverma/frappe/client-bench/apps/frappe/frappe/utils/error.py", line 153, in get_snapshot
    value = pydoc.text.repr(getattr(evalue, name))
AttributeError: characters_written
2026-01-04 18:10:24,333 ERROR frappe Could not take error snapshot: characters_written
Site: local.client.test
Form Dict: {'items': '["assets/erpnext/js/setup_wizard.js","assets/india_compliance/js/setup_wizard.js"]', 'cmd': 'frappe.client.get_js'}
Traceback (most recent call last):
  File "/Users/kushagraverma/frappe/client-bench/apps/frappe/frappe/app.py", line 103, in application
    response = frappe.api.handle()
  File "/Users/kushagraverma/frappe/client-bench/apps/frappe/frappe/api.py", line 55, in handle
    return frappe.handler.handle()
  File "/Users/kushagraverma/frappe/client-bench/apps/frappe/frappe/handler.py", line 50, in handle
    data = execute_cmd(cmd)
  File "/Users/kushagraverma/frappe/client-bench/apps/frappe/frappe/handler.py", line 85, in execute_cmd
    return frappe.call(method, **frappe.form_dict)
  File "/Users/kushagraverma/frappe/client-bench/apps/frappe/frappe/__init__.py", line 1628, in call
    return fn(*args, **newargs)
  File "/Users/kushagraverma/frappe/client-bench/apps/frappe/frappe/client.py", line 351, in get_js
    with open(contentpath) as srcfile:
FileNotFoundError: [Errno 2] No such file or directory: './assets/india_compliance/js/setup_wizard.js'

During handling of the above exception, another exception occurred:

Traceback (most recent call last):
  File "/Users/kushagraverma/frappe/client-bench/apps/frappe/frappe/utils/error.py", line 60, in make_error_snapshot
    snapshot = get_snapshot(exception)
  File "/Users/kushagraverma/frappe/client-bench/apps/frappe/frappe/utils/error.py", line 153, in get_snapshot
    value = pydoc.text.repr(getattr(evalue, name))
AttributeError: characters_written
2026-01-04 18:34:50,368 ERROR frappe Could not take error snapshot: characters_written
Site: local.client.test
Form Dict: {'items': '["assets/erpnext/js/setup_wizard.js","assets/india_compliance/js/setup_wizard.js"]', 'cmd': 'frappe.client.get_js'}
Traceback (most recent call last):
  File "/Users/kushagraverma/frappe/client-bench/apps/frappe/frappe/app.py", line 103, in application
    response = frappe.api.handle()
  File "/Users/kushagraverma/frappe/client-bench/apps/frappe/frappe/api.py", line 55, in handle
    return frappe.handler.handle()
  File "/Users/kushagraverma/frappe/client-bench/apps/frappe/frappe/handler.py", line 50, in handle
    data = execute_cmd(cmd)
  File "/Users/kushagraverma/frappe/client-bench/apps/frappe/frappe/handler.py", line 85, in execute_cmd
    return frappe.call(method, **frappe.form_dict)
  File "/Users/kushagraverma/frappe/client-bench/apps/frappe/frappe/__init__.py", line 1628, in call
    return fn(*args, **newargs)
  File "/Users/kushagraverma/frappe/client-bench/apps/frappe/frappe/client.py", line 351, in get_js
    with open(contentpath) as srcfile:
FileNotFoundError: [Errno 2] No such file or directory: './assets/india_compliance/js/setup_wizard.js'

During handling of the above exception, another exception occurred:

Traceback (most recent call last):
  File "/Users/kushagraverma/frappe/client-bench/apps/frappe/frappe/utils/error.py", line 60, in make_error_snapshot
    snapshot = get_snapshot(exception)
  File "/Users/kushagraverma/frappe/client-bench/apps/frappe/frappe/utils/error.py", line 153, in get_snapshot
    value = pydoc.text.repr(getattr(evalue, name))
AttributeError: characters_written
2026-01-04 18:34:56,446 ERROR frappe Could not take error snapshot: characters_written
Site: local.client.test
Form Dict: {'items': '["assets/erpnext/js/setup_wizard.js","assets/india_compliance/js/setup_wizard.js"]', 'cmd': 'frappe.client.get_js'}
Traceback (most recent call last):
  File "/Users/kushagraverma/frappe/client-bench/apps/frappe/frappe/app.py", line 103, in application
    response = frappe.api.handle()
  File "/Users/kushagraverma/frappe/client-bench/apps/frappe/frappe/api.py", line 55, in handle
    return frappe.handler.handle()
  File "/Users/kushagraverma/frappe/client-bench/apps/frappe/frappe/handler.py", line 50, in handle
    data = execute_cmd(cmd)
  File "/Users/kushagraverma/frappe/client-bench/apps/frappe/frappe/handler.py", line 85, in execute_cmd
    return frappe.call(method, **frappe.form_dict)
  File "/Users/kushagraverma/frappe/client-bench/apps/frappe/frappe/__init__.py", line 1628, in call
    return fn(*args, **newargs)
  File "/Users/kushagraverma/frappe/client-bench/apps/frappe/frappe/client.py", line 351, in get_js
    with open(contentpath) as srcfile:
FileNotFoundError: [Errno 2] No such file or directory: './assets/india_compliance/js/setup_wizard.js'

During handling of the above exception, another exception occurred:

Traceback (most recent call last):
  File "/Users/kushagraverma/frappe/client-bench/apps/frappe/frappe/utils/error.py", line 60, in make_error_snapshot
    snapshot = get_snapshot(exception)
  File "/Users/kushagraverma/frappe/client-bench/apps/frappe/frappe/utils/error.py", line 153, in get_snapshot
    value = pydoc.text.repr(getattr(evalue, name))
AttributeError: characters_written
2026-01-04 18:35:00,491 ERROR frappe Could not take error snapshot: characters_written
Site: local.client.test
Form Dict: {'items': '["assets/erpnext/js/setup_wizard.js","assets/india_compliance/js/setup_wizard.js"]', 'cmd': 'frappe.client.get_js'}
Traceback (most recent call last):
  File "/Users/kushagraverma/frappe/client-bench/apps/frappe/frappe/app.py", line 103, in application
    response = frappe.api.handle()
  File "/Users/kushagraverma/frappe/client-bench/apps/frappe/frappe/api.py", line 55, in handle
    return frappe.handler.handle()
  File "/Users/kushagraverma/frappe/client-bench/apps/frappe/frappe/handler.py", line 50, in handle
    data = execute_cmd(cmd)
  File "/Users/kushagraverma/frappe/client-bench/apps/frappe/frappe/handler.py", line 85, in execute_cmd
    return frappe.call(method, **frappe.form_dict)
  File "/Users/kushagraverma/frappe/client-bench/apps/frappe/frappe/__init__.py", line 1628, in call
    return fn(*args, **newargs)
  File "/Users/kushagraverma/frappe/client-bench/apps/frappe/frappe/client.py", line 351, in get_js
    with open(contentpath) as srcfile:
FileNotFoundError: [Errno 2] No such file or directory: './assets/india_compliance/js/setup_wizard.js'

During handling of the above exception, another exception occurred:

Traceback (most recent call last):
  File "/Users/kushagraverma/frappe/client-bench/apps/frappe/frappe/utils/error.py", line 60, in make_error_snapshot
    snapshot = get_snapshot(exception)
  File "/Users/kushagraverma/frappe/client-bench/apps/frappe/frappe/utils/error.py", line 153, in get_snapshot
    value = pydoc.text.repr(getattr(evalue, name))
AttributeError: characters_written
2026-01-04 18:35:07,945 ERROR frappe Could not take error snapshot: characters_written
Site: local.client.test
Form Dict: {'items': '["assets/erpnext/js/setup_wizard.js","assets/india_compliance/js/setup_wizard.js"]', 'cmd': 'frappe.client.get_js'}
Traceback (most recent call last):
  File "/Users/kushagraverma/frappe/client-bench/apps/frappe/frappe/app.py", line 103, in application
    response = frappe.api.handle()
  File "/Users/kushagraverma/frappe/client-bench/apps/frappe/frappe/api.py", line 55, in handle
    return frappe.handler.handle()
  File "/Users/kushagraverma/frappe/client-bench/apps/frappe/frappe/handler.py", line 50, in handle
    data = execute_cmd(cmd)
  File "/Users/kushagraverma/frappe/client-bench/apps/frappe/frappe/handler.py", line 85, in execute_cmd
    return frappe.call(method, **frappe.form_dict)
  File "/Users/kushagraverma/frappe/client-bench/apps/frappe/frappe/__init__.py", line 1628, in call
    return fn(*args, **newargs)
  File "/Users/kushagraverma/frappe/client-bench/apps/frappe/frappe/client.py", line 351, in get_js
    with open(contentpath) as srcfile:
FileNotFoundError: [Errno 2] No such file or directory: './assets/india_compliance/js/setup_wizard.js'

During handling of the above exception, another exception occurred:

Traceback (most recent call last):
  File "/Users/kushagraverma/frappe/client-bench/apps/frappe/frappe/utils/error.py", line 60, in make_error_snapshot
    snapshot = get_snapshot(exception)
  File "/Users/kushagraverma/frappe/client-bench/apps/frappe/frappe/utils/error.py", line 153, in get_snapshot
    value = pydoc.text.repr(getattr(evalue, name))
AttributeError: characters_written
2026-01-04 18:35:17,503 ERROR frappe Could not take error snapshot: characters_written
Site: local.client.test
Form Dict: {'items': '["assets/erpnext/js/setup_wizard.js","assets/india_compliance/js/setup_wizard.js"]', 'cmd': 'frappe.client.get_js'}
Traceback (most recent call last):
  File "/Users/kushagraverma/frappe/client-bench/apps/frappe/frappe/app.py", line 103, in application
    response = frappe.api.handle()
  File "/Users/kushagraverma/frappe/client-bench/apps/frappe/frappe/api.py", line 55, in handle
    return frappe.handler.handle()
  File "/Users/kushagraverma/frappe/client-bench/apps/frappe/frappe/handler.py", line 50, in handle
    data = execute_cmd(cmd)
  File "/Users/kushagraverma/frappe/client-bench/apps/frappe/frappe/handler.py", line 85, in execute_cmd
    return frappe.call(method, **frappe.form_dict)
  File "/Users/kushagraverma/frappe/client-bench/apps/frappe/frappe/__init__.py", line 1628, in call
    return fn(*args, **newargs)
  File "/Users/kushagraverma/frappe/client-bench/apps/frappe/frappe/client.py", line 351, in get_js
    with open(contentpath) as srcfile:
FileNotFoundError: [Errno 2] No such file or directory: './assets/india_compliance/js/setup_wizard.js'

During handling of the above exception, another exception occurred:

Traceback (most recent call last):
  File "/Users/kushagraverma/frappe/client-bench/apps/frappe/frappe/utils/error.py", line 60, in make_error_snapshot
    snapshot = get_snapshot(exception)
  File "/Users/kushagraverma/frappe/client-bench/apps/frappe/frappe/utils/error.py", line 153, in get_snapshot
    value = pydoc.text.repr(getattr(evalue, name))
AttributeError: characters_written
2026-01-04 18:36:21,199 ERROR frappe Could not take error snapshot: characters_written
Site: local.client.test
Form Dict: {'items': '["assets/erpnext/js/setup_wizard.js","assets/india_compliance/js/setup_wizard.js"]', 'cmd': 'frappe.client.get_js'}
Traceback (most recent call last):
  File "/Users/kushagraverma/frappe/client-bench/apps/frappe/frappe/app.py", line 103, in application
    response = frappe.api.handle()
  File "/Users/kushagraverma/frappe/client-bench/apps/frappe/frappe/api.py", line 55, in handle
    return frappe.handler.handle()
  File "/Users/kushagraverma/frappe/client-bench/apps/frappe/frappe/handler.py", line 50, in handle
    data = execute_cmd(cmd)
  File "/Users/kushagraverma/frappe/client-bench/apps/frappe/frappe/handler.py", line 85, in execute_cmd
    return frappe.call(method, **frappe.form_dict)
  File "/Users/kushagraverma/frappe/client-bench/apps/frappe/frappe/__init__.py", line 1628, in call
    return fn(*args, **newargs)
  File "/Users/kushagraverma/frappe/client-bench/apps/frappe/frappe/client.py", line 351, in get_js
    with open(contentpath) as srcfile:
FileNotFoundError: [Errno 2] No such file or directory: './assets/india_compliance/js/setup_wizard.js'

During handling of the above exception, another exception occurred:

Traceback (most recent call last):
  File "/Users/kushagraverma/frappe/client-bench/apps/frappe/frappe/utils/error.py", line 60, in make_error_snapshot
    snapshot = get_snapshot(exception)
  File "/Users/kushagraverma/frappe/client-bench/apps/frappe/frappe/utils/error.py", line 153, in get_snapshot
    value = pydoc.text.repr(getattr(evalue, name))
AttributeError: characters_written
2026-02-27 20:39:57,773 ERROR frappe Could not take error snapshot: characters_written
Site: local.client.test
Form Dict: {'items': '["/assets/frappe/node_modules/html5-qrcode/dist/html5-qrcode.min.js"]', 'cmd': 'frappe.client.get_js'}
Traceback (most recent call last):
  File "/Users/kushagraverma/frappe/client-bench/apps/frappe/frappe/app.py", line 103, in application
    response = frappe.api.handle()
  File "/Users/kushagraverma/frappe/client-bench/apps/frappe/frappe/api.py", line 55, in handle
    return frappe.handler.handle()
  File "/Users/kushagraverma/frappe/client-bench/apps/frappe/frappe/handler.py", line 50, in handle
    data = execute_cmd(cmd)
  File "/Users/kushagraverma/frappe/client-bench/apps/frappe/frappe/handler.py", line 85, in execute_cmd
    return frappe.call(method, **frappe.form_dict)
  File "/Users/kushagraverma/frappe/client-bench/apps/frappe/frappe/__init__.py", line 1628, in call
    return fn(*args, **newargs)
  File "/Users/kushagraverma/frappe/client-bench/apps/frappe/frappe/client.py", line 351, in get_js
    with open(contentpath) as srcfile:
FileNotFoundError: [Errno 2] No such file or directory: './assets/frappe/node_modules/html5-qrcode/dist/html5-qrcode.min.js'

During handling of the above exception, another exception occurred:

Traceback (most recent call last):
  File "/Users/kushagraverma/frappe/client-bench/apps/frappe/frappe/utils/error.py", line 60, in make_error_snapshot
    snapshot = get_snapshot(exception)
  File "/Users/kushagraverma/frappe/client-bench/apps/frappe/frappe/utils/error.py", line 153, in get_snapshot
    value = pydoc.text.repr(getattr(evalue, name))
AttributeError: characters_written
2026-03-06 10:57:51,128 ERROR frappe New Exception collected with id: 2026-03-06 10:57:50.516831-127.0.0.1-a0e
Site: local.client.test
Form Dict: {}
2026-03-06 10:57:53,358 ERROR frappe New Exception collected with id: 2026-03-06 10:57:53.347110-127.0.0.1-b79
Site: local.client.test
Form Dict: {}
2026-03-06 10:57:54,370 ERROR frappe New Exception collected with id: 2026-03-06 10:57:54.356587-127.0.0.1-098
Site: local.client.test
Form Dict: {}
2026-03-06 11:41:19,187 ERROR frappe New Exception collected with id: 2026-03-06 11:41:19.172680-127.0.0.1-718
Site: local.client.test
Form Dict: {}
